[    0.000000] Initializing cgroup subsys cpuset
[    0.000000] Initializing cgroup subsys cpu
[    0.000000] Initializing cgroup subsys cpuacct
[    0.000000] Linux version 4.4.0-137-generic (buildd@lgw01-amd64-037) (gcc version 5.4.0 20160609 (Ubuntu 5.4.0-6ubuntu1~16.04.10) ) #163-Ubuntu SMP Mon Sep 24 13:14:43 UTC 2018 (Ubuntu 4.4.0-137.163-generic 4.4.144)
[    0.000000] Command line: BOOT_IMAGE=/boot/vmlinuz-4.4.0-137-generic root=LABEL=cloudimg-rootfs ro console=tty1 console=ttyS0
[    0.000000] KERNEL supported cpus:
[    0.000000]  Intel GenuineIntel
[    0.000000]   AMD AuthenticAMD
[    0.000000]   Centaur CentaurHau
   00000] x86/fu: xstate_offse[2]:  576, xstatsies[2]:  256
[    0.00000x8/fpu Spoting XSAVE feature 0x01: 'x87 floating point registers'
[    0.000000] x86/fpu: Supporting XSAVE feature 0x02: 'SSE registers'
[    0.000000] x86/fpu: Supporting XSAVE feature 0x04: 'AVX register'
[    0.0000000] x86/fpu: Enabled xstate features 0x7, context size is 832 bytes, using 'standard' format.
[    0.000000] e820: BIOS-provided physical RAM map:
[    0.000000] BIOS-e820: [mem 0x0000000000000000-0x000000000009fbff] usable
[    0.000000] BIOS-e820: [mem 0x00000000000c00-0x000000000009ffff] reserved
[    0.000000] BIOS-e820: [mem 0x00000000000f0000-0x00000000000fffff] reserved
[    0.000000] BIOS-e820: [mem 0x0000000000100000-0x000000001feff] usable
[    0.000000] BIOS-e820: [mem 0x000000001fff0000-0x000000001fffffff] ACPI data
[    0.000000] BIOS-e820: [mem 0x00000000fec00000-0x00000000fec00fff] reserved
[    0.000000] BIOS-e820: [mem 0x00000000fee00000-0x00000000fee00fff] reserved
[    0.000000] BIOS-e820: [mem 0x00000000fffc0000-0x00000000ffffffff] reserved
[    0.000000] NX (Execute Disable) protection: active
[    0.000000] SMBIOS 2.5 present.
[    0.000000] Hypervisor detected: KVM
[    0.000000] e820: last_pfn = 0x1fff0 max_arch_pfn = 0x400000000
[    0.000000] MTRR: Disabled
[    0.000000] x86/PAT: MTRRs disabled, skipping PAT initialization too.
[    0.000000] CPU MTRRs all blank - virtualized system.
[    0.000000] x86/PAT: Configuration [0-7]: WB  WT  UC- UC  WB  WT  UC- UC  
[    0.000000] found SMP MP-table at [mem 0x00fff0-000ffff] mapped at [ffff88000009fff0]
[    0.000000] Scanning 1 areas for low memory corruption
[    0.000000] RAMDISK: [mem 0x1e8d1000-0x1f743fff]
[    0.000000] ACPI: Early table checksum verification disabled
[    0.000000] ACPI: RSDP 0x00000000000E0000 000024 (v02 VBOX  )
[    0.000000] ACPI: XSDT 0x000000001FFF0030 00003C (v01 VBOX   VBOXXSDT 00000001 ASL  00000061)
[    0.000000] ACPI: FACP 0x000000001FFF00F0 0000F4 (v04 VBOX   VBOXFACP 00000001 ASL  00000061)
[    0.000000] ACPI: DSDT 0x000000001FFF0470 0021FF (v02 VBOX   VBOXBIOS 00000002 INTL 20180105)
[    0.000000] ACPI: FACS 0x000000001FFF0200 000040
[    0.000000] ACPI: FACS 0x000000001FFF0200 000040
[    0.000000] ACPI: APIC 0x000000001FFF0240 00005C (v02 VBOX   VBOXAPIC 00000001 ASL  00000061)
[    0.000000] ACPI: SSDT 0x000000001FFF02A0 0001CC (v01 VBOX   VBOXCPUT 00000002 INTL 20180105)
[    0.000000] No NUMA configuration found
[    0.000000] Faking a node at [mem 0x0000000000000000-0x000000001ffeffff]
[    0.000000] NODE_DATA(0) allocated [mem 0x1ffeb000-0x1ffeffff]
[    0.000000] kvm-clock: Using msrs 4b564d01 and 4b564d00
[    0.000000] kvm-clock: cpu 0, msr 0:1ffe3001, primary cpu clock
[    0.000000] kvm-clock: using sched offset of 3368101918 cycles
[    0.000000] clocksource: kvm-clock: mask: 0xffffffffffffffff max_cycles: 0x1cd42e4dffb, max_idle_ns: 881590591483 ns
[    0.000000] Zone ranges:
[    0.000000]   DMA      [mem 0x0000000000001000-0x0000000000ffffff]
[    0.000000]   DMA32    [mem 0x0000000001000000-0x000000001ffeffff]
[    0.000000]   Normal   empty
[    0.000000]   Device   empty
[    0.000000] Movable zone start for each node
[    0.000000] Early memory node ranges
[   .00000]   node   0: [mem 0x0000000000001000-0x000000000009efff]
[    0.000000]   node   0: [mem 0x0000000000100000-0x000000001ffeffff]
[    0.000000] Initmem setup node 0 [mem 0x0000000000001000-0x000000001ffeffff]
[    0.000000] ACPI: PM-Timer IO Port: 0x4008
[    0.000000] IOAPIC[0]: apic_id 2, version 32, address 0xfec00000, GSI 0-23
[    0.000000] ACPI: INT_SRC_OVR (bus 0 bus_irq 0 global_irq 2 dfl dfl)
[    0.000000] ACPI: INT_SRC_OVR (bus 0 bus_irq 9 global_irq 9 low level)
[    0.000000] Using ACPI (MADT) for SMP configuration infoatn
[   0.000] smpboot: loin 2 CPUs, 0 hotplug CPUs
[    0.000000] PM: Registered nosave memory: [mem 0x00000000-0x00000fff]
[  000000] PM: Registered nosave mo: mem 00f000-0x0009ffff]
[    0.000000] PM: Registered nosave memory: [mem 0x000a0000-0x000effff]
[    0.000000] PM: Registered nosave emy:[mem 0x000f0000-0x000fffff]
[    0.000000] e820: [mem 0x20000000-0xfebfffff] available for PCI devices
[    0.000000] Bootngaravirtualized kernel on KVM
[    0.000000] clocksource: refined-jiffies: mask: 0xffffffff max_cycles: 0xffffffff, max_idle_ns: 7645519600211568 ns
[    0.000000] setup_percpu: NR_CPUS:512 nr_cpumask_bits:512 nr_cpu_ids:2 nr_node_ids:1
  0.00000] PERCP Eedded 4 ge/cpufff801fc00000 s99608 r8192 d31464 u1048576
[    0.000000] PV qspinlock hash table entries: 256 (order: 0, 4096 bytes)
[    0.000000] Built 1 zonelists in Node order, mobility grouping on.  Total pages: 128888
[    0.000000] Policy zone: DMA32
[    0.000000] Kernel command line: BOOT_IMAGE=/boot/vmlinuz-4.4.0-137-generic root=LABEL=cloudimg-rootfs ro console=tty1 console=ttyS0
[    0.000000] PID hash table entries: 2048 (order: 2, 16384 bytes)
[    0.000000] Memory: 481628K/523832K available (8555K kernel code, 1314K rwdata, 4004K rodata, 1528K init, 1316K bss, 42204K reserved, 0K cma-reserved)
[    0.000000] SLUB: HWalign=64, Order=0-3, MinObjects=0, CPUs=2, Nodes=1
[    0.000000] Kernel/User page tables isolation: enabled
[    0.000000] Hierarchical RCU implementation.
[    0.000000] 	Build-time adjustment of leaf fanout to 64.
[    0.000000] 	RCU restricting CPUs from NR_CPUS=512 to nr_cpu_ids=2.
[    0.000000] RCU: Adjusting geometry for rcu_fanout_leaf=64, nr_cpu_ids=2
[    0.000000] NR_IRQS:33024 nr_irqs:440 16
[    0.000000] Console: colour VGA+ 80x25
[    0.000000] console [tty1] enabled
[    0.000000] console [ttyS0] enabled
[    0.000000] tsc: Detected 3000.000 MHz processor
[    1.305708] Calibrating delay loop (skipped) preset value.. 6000.00 BogoMIPS (lpj=12000000)
[    1.312421] pid_max: default: 32768 minimum: 301
[    1.321540] ACPI: Core revision 20150930
[    1.323033] ACPI: 2 ACPI AML tables successfully acquired and loaded
[    1.324053] Security Framework initialized
[    1.324851] Yama: becoming mindful.
[    1.325481] AppArmor: AppArmor initialized
[    1.326212] Dentry cache hash table entries: 65536 (order: 7, 524288 bytes)
[    1.328319] Inode-cache hash table entries: 32768 (order: 6, 262144 bytes)
[    1.337644] Mount-cache hash table entries: 1024 (order: 1, 8192 bytes)
[    1.338536] Mountpoint-cache hash table entries: 1024 (order: 1, 8192 bytes)
[    1.359317] Initializing cgroup subsys io
[    1.373077] Initializing cgroup subsys memory
[    1.373931] Initializing cgroup subsys devices
[    1.408861] Initializing cgroup subsys freezer
[    1.413368] Initializing cgroup subsys net_cls
[    1.417390] Initializing cgroup subsys perf_event
[    1.418124] Initializing cgroup subsys net_prio
[    1.418891] Initializing cgroup subsys hugetlb
[    1.419577] Initializing cgroup subsys pids
[    1.421354] mce: CPU supports 0 MCE banks
[    1.422031] Last level iTLB entries: 4KB 128, 2MB 8, 4MB 8
[    1.422825] Last level dTLB entries: 4KB 64, 2MB 0, 4MB 0, 1GB 4
[    1.423675] Spectre V2 : Mitigation: Full generic retpoline
[    1.432482] Spectre V2 : Spectre v2 mitigation: Speculation control IBPB not-supported IBRS not-supported
[    1.433740] Spectre V2 : Spectre v2 / SpectreRSB mitigation: Filling RSB on context switch
[    1.441683] Speculative Store Bypass: Vulnerable
[    1.444632] Freeing SMP alternatives memory: 32K
[    1.459416] ftrace: allocating 32265 entries in 127 pages
[    1.522958] smpboot: APIC(0) Converting physical 0 to logical package 0
[    1.534535] smpboot: Max logical packages: 1
[    1.541848] x2apic enabled
[    1.547442] Switched APIC routing to physical x2apic.
[    1.558631] ..TIMER: vector=0x30 apic1=0 pin1=2 apic2=-1 pin2=-1
[    1.664607] smpboot: CPU0: Intel(R) Core(TM) i5-7400 CPU @ 3.00GHz (family: 0x6, model: 0x9e, stepping: 0x9)
[    1.711417] Performance Events: unsupported p6 CPU model 158 no PMU driver, software events only.
[    1.721488] KVM setup paravirtual spinlock
[    1.722776] x86: Booting SMP configuration:
[    1.723500] .... node  #0, CPUs:      #1
[    1.732143] kvm-clock: cpu 1, msr 0:1ffe3041, secondary cpu clock
[    1.733779] mce: CPU supports 0 MCE banks
[    1.736177] x86: Booted up 1 node, 2 CPUs
[    1.747390] smpboot: Total of 2 processors activated (12000.00 BogoMIPS)
[    1.761641] devtmpfs: initialized
[    1.763464] evm: security.selinux
[    1.764023] evm: security.SMACK64
[    1.764628] evm: security.SMACK64EXEC
[    1.796892] evm: security.SMACK64TRANSMUTE
[    1.797566] evm: security.SMACK64MMAP
[    1.798891] evm: security.ima
[    1.800085] evm: security.capability
[    1.801605] clocksource: jiffies: mask: 0xffffffff max_cycles: 0xffffffff, max_idle_ns: 7645041785100000 ns
[    1.803055] futex hash table entries: 512 (order: 3, 32768 bytes)
[    1.809564] pinctrl core: initialized pinctrl subsystem
[    1.834291] RTC time: 13:36:14, date: 12/13/18
[    1.835138] NET: Registered protocol family 16
[    1.845319] cpuidle: using governor ladder
[    1.877251] cpuidle: using governor menu
[    1.885393] PCCT header not found.
[    1.886054] ACPI: bus type PCI registered
[    1.897459] acpiphp: ACPI Hot Plug PCI Controller Driver version: 0.5
[    1.898495] PCI: Using configuration type 1 for base access
[    1.909560] ACPI: Added _OSI(Module Device)
[    1.920746] ACPI: Added _OSI(Processor Device)
[    1.921460] ACPI: Added _OSI(3.0 _SCP Extensions)
[    1.922268] ACPI: Added _OSI(Processor Aggregator Device)
[    1.923650] ACPI: Executed 1 blocks of module-level executable AML code
[    1.926437] ACPI: Interpreter enabled
[    1.946149] ACPI: (supports S0 S5)
[    1.949017] ACPI: Using IOAPIC for interrupt routing
[    1.978313] PCI: Using host bridge windows from ACPI; if necessary, use "pci=nocrs" and report a bug
[    1.984719] ACPI: PCI Root Bridge [PCI0] (domain 0000 [bus 00-ff])
[    2.013157] acpi PNP0A03:00: _OSC: OS supports [ASPM ClockPM Segments MSI]
[    2.035029] acpi PNP0A03:00: _OSC: not requesting OS control; OS requires [ExtendedConfig ASPM ClockPM MSI]
[    2.036464] acpi PNP0A03:00: fail to add MMCONFIG information, can't access extended PCI configuration space under this bridge.
[    2.060815] PCI host bridge to bus 0000:00
[    2.071982] pci_bus 0000:00: root bus resource [io  0x0000-0x0cf7 window]
[    2.073995] pci_bus 0000:00: root bus resource [io  0x0d00-0xffff window]
[    2.074949] pci_bus 0000:00: root bus resource [mem 0x000a0000-0x000bffff window]
[    2.076262] pci_bus 0000:00: root bus resource [mem 0x20000000-0xfdffffff window]
[    2.077512] pci_bus 0000:00: root bus resource [bus 00-ff]
[    2.082345] pci 0000:00:01.1: legacy IDE quirk: reg 0x10: [io  0x01f0-0x01f7]
[    2.121253] pci 0000:00:01.1: legacy IDE quirk: reg 0x14: [io  0x03f6]
[    2.122297] pci 0000:00:01.1: legacy IDE quirk: reg 0x18: [io  0x0170-0x0177]
[    2.123352] pci 0000:00:01.1: legacy IDE quirk: reg 0x1c: [io  0x0376]
[    2.140981] pci 0000:00:07.0: quirk: [io  0x4000-0x403f] claimed by PIIX4 ACPI
[    2.161412] pci 0000:00:07.0: quirk: [io  0x4100-0x410f] claimed by PIIX4 SMB
[    2.169738] ACPI: PCI Interrupt Link [LNKA] (IRQs 5 9 10 *11)
[    2.176481] ACPI: PCI Interrupt Link [LNKB] (IRQs 5 9 *10 11)
[    2.197700] ACPI: PCI Interrupt Link [LNKC] (IRQs 5 *9 10 11)
[    2.214069] ACPI: PCI Interrupt Link [LNKD] (IRQs 5 9 10 *11)
[    2.215354] ACPI: Enabled 2 GPEs in block 00 to 07
[    2.216437] vgaarb: setting as boot device: PCI:0000:00:02.0
[    2.222599] vgaarb: device added: PCI:0000:00:02.0,decodes=io+mem,owns=io+mem,locks=none
[    2.223863] vgaarb: loaded
[    2.224589] vgaarb: bridge control possible 0000:00:02.0
[    2.225600] SCSI subsystem initialized
[    2.226336] ACPI: bus type USB registered
[    2.227001] usbcore: registered new interface driver usbfs
[    2.227807] usbcore: registered new interface driver hub
[    2.228607] usbcore: registered new device driver usb
[    2.229585] PCI: Using ACPI for IRQ routing
[    2.230509] NetLabel: Initializing
[    2.231091] NetLabel:  domain hash size = 128
[    2.231794] NetLabel:  protocols = UNLABELED CIPSOv4
[    2.265287] NetLabel:  unlabeled traffic allowed by default
[    2.266270] amd_nb: Cannot enumerate AMD northbridges
[    2.267062] clocksource: Switched to clocksource kvm-clock
[    2.273422] pAorAprm Feste Enabled
[    2.623084] pnp: PnP ACPI init
[    2.624260] pnp: PnP ACPI: found 3 devices
[    2.632885] losoce ai_: sk0xffffff max_cycles: 0xffffff, max_idle_ns: 2085701024 ns
[    3.038709] NET: Registered protocol family 2
[    3.039585] TCP established hash table entries: 4096 (order: 3, 32768 bytes)
[    3.040577] TCP bind hash table entries: 4096 (order: 4, 65536 bytes)
[    3.041511] TCP: Hash tables configured (established 4096 bind 4096)
[    3.047733] UDP hash table entries: 256 (order: 1, 8192 bytes)
[    3.048647] UDP-Lite hash table entries: 256 (order: 1, 8192 bytes)
[    3.049607] NET: Registered protocol family 1
[    3.050318] pci 0000:00:00.0: Limiting direct PCI/PCI transfers
[    3.051226] pci 0000:00:01.0: Activating ISA DMA hang workarounds
[    3.05265Unckg itmf..
[  3.554015] Freeing initrd memory: 14796K
[    3.604243] platform rtc_cmos: registered platform RTC vi ( P dicfod)[  36761] anngorlomeryorptn every 60 seconds
[    4.520118] audit: initializing netlink subsys (disabled)
[    4.527558] audit: type=2000 audit(1544708180.340:1): initialized
[    4.539814] Initialise system trusted keyring
[    4.552983] HugeTLB registered 2 MB page size, pre-allocated 0 pages
[    4.555145] zbud: loaded
[    4.556005] VFS: Disk quotas dquot_6.6.0
[    4.565024] VFS: Dquot-cache hash table entries: 512 (order 0, 4096 bytes)
[    4.566285] squashfs: version 4.0 (2009/01/31) Phillip Louger
[   4.622625] tsc: Refined TSC clocksource calibration: 30066MH

[    4.02] ocksoucets mk:xffffffff x_cycles: 0x40664,max_idl_ns: 440795208510 ns

[    4.810617] fuse init (API version 7.23)
[    4.810717] Key type big_key registered
[    4.810739] Allocating IMA MOK and blacklist keyrings.
[    4.810895] Key type asymmetric registered
[    4.810896] Asymmetric key parser 'x509' registered
[    4.810922] Block layer SCSI generic (bsg) driver version 0.4 loaded (major 249)
[    4.810944] io scheduler noop registered
[    4.810946] io scheduler deadline registered (default)
[    4.810971] io scheduler cfq registered
[    4.811049] pci_hotplug: PCI Hot Plug PCI Core version: 0.5
[    4.811053] pciehp: PCI Express Hot Plug Controller Driver version: 0.4
[    4.811174] ACPI: AC Adapter [AC] (on-line)
[    4.811216] input: Power Button as /devices/LNXSYSTM:00/LNXPWRBN:00/input/input0
[    4.811218] ACPI: Power Button [PWRF]
[    4.811269] input: Sleep Button as /devices/LNXSYSTM:00/LNXSLPBN:00/input/input1
[    4.811270] ACPI: Sleep Button [SLPF]
[    4.811397] GHES: HEST is not enabled!
[    4.811462] Serial: 8250/16550 driver, 32 ports, IRQ sharing enabled
[    5.566990] 00:02: ttyS0 at I/O 0x3f8 (irq = 4, base_baud = 115200) is a 16550A
[    5.578950] Linux agpgart interface v0.103
[    5.588117] loop: module loaded
[    5.588528] scsi host0: ata_piix
[    5.588574] scsi host1: ata_piix
[    5.588598] ata1: PATA max UDMA/33 cmd 0x1f0 ctl 0x3f6 bmdma 0xd000 irq 14
[    5.588599] ata2: PATA max UDMA/33 cmd 0x170 ctl 0x376 bmdma 0xd008 irq 15
[    5.588657] libphy: Fixed MDIO Bus: probed
[    5.588659] tun: Universal TUN/TAP device driver, 1.6
[    5.588660] tun: (C) 1999-2004 Max Krasnyansky <maxk@qualcomm.com>
[    5.588901] PPP generic driver version 2.4.2
[    5.588944] ehci_hcd: USB 2.0 'Enhanced' Host Controller (EHCI) Driver
[    5.588947] ehci-pci: EHCI PCI platform driver
[    5.588958] ehci-platform: EHCI generic platform driver
[    5.588964] ohci_hcd: USB 1.1 'Open' Host Controller (OHCI) Driver
[    5.588966] ohci-pci: OHCI PCI platform driver
[    5.588973] ohci-platform: OHCI generic platform driver
[    5.588978] uhci_hcd: USB Universal Host Controller Interface driver
[    5.589023] i8042: PNP: PS/2 Controller [PNP0303:PS2K,PNP0f03:PS2M] at 0x60,0x64 irq 1,12
[    5.592935] serio: i8042 KBD port at 0x60,0x64 irq 1
[    5.592940] serio: i8042 AUX port at 0x60,0x64 irq 12
[    5.593038] mousedev: PS/2 mouse device common for all mice
[    5.593276] rtc_cmos rtc_cmos: rtc core: registered rtc_cmos as rtc0
[    5.593322] rtc_cmos rtc_cmos: alarms up to one day, 114 bytes nvram
[    5.593327] i2c /dev entries driver
[    5.593372] device-mapper: uevent: version 1.0.3
[    5.593415] device-mapper: ioctl: 4.34.0-ioctl (2015-10-28) initialised: dm-devel@redhat.com
[    5.593432] ledtrig-cpu: registered to indicate activity on CPUs
[    5.593663] NET: Registered protocol family 10
[    5.593775] NET: Registered protocol family 17
[    5.593783] Key type dns_resolver registered
[    5.593965] registered taskstats version 1
[    5.593974] Loading compiled-in X.509 certificates
[    5.594463] Loaded X.509 cert 'Build time autogenerated kernel key: 20acc96b50ca7641011eace69d32209215a9b56f'
[    5.594475] zswap: loaded using pool lzo/zbud
[    5.595935] Key type trusted registered
[    5.598070] Key type encrypted registered
[    5.598075] AppArmor: AppArmor sha1 policy hashing enabled
[    5.598077] ima: No TPM chip found, activating TPM-bypass!
[    5.598081] ima: Allocated hash algorithm: sha1
[    5.598090] evm: HMAC attrs: 0x1
[    5.598363]   Magic number: 14:971:634
[    5.622894] rtc_cmos rtc_cmos: setting system clock to 2018-12-13 13:36:17 UTC (1544708177)
[    5.623016] BIOS EDD facility v0.16 2004-Jun-25, 0 devices found
[    5.623017] EDD information not available.
[    5.679478] input: AT Translated Set 2 keyboard as /devices/platform/i8042/serio0/input/input2
[    6.083229] Freeing unused kernel memory: 1528K
[    6.091125] Write protecting the kernel read-only data: 14336k
[    6.167942] Freeing unused kernel memory: 1672K
[    6.168807] Freeing unused kernel memory: 92K
Loading, please wait...
starting version[    6.180185] random: systemd-udevd: uninitialized urandom read (16 bytes read, 3 bits of entropy available)
 229
[    6.180698] random: udevadm: uninitialized urandom read (16 bytes read, 3 bits of entropy available)
[    6.180713] random: udevadm: uninitialized urandom read (16 bytes read, 3 bits of entropy available)
[    6.187621] random: udevadm: uninitialized urandom read (16 bytes read, 3 bits of entropy available)
[    6.187658] random: udevadm: uninitialized urandom read (16 bytes read, 3 bits of entropy available)
[    6.187772] random: udevadm: uninitialized urandom read (16 bytes read, 3 bits of entropy available)
[    6.187810] random: udevadm: uninitialized urandom read (16 bytes read, 3 bits of entropy available)
[    6.187847] random: udevadm: uninitialized urandom read (16 bytes read, 3 bits of entropy available)
[    6.187888] random: udevadm: uninitialized urandom read (16 bytes read, 3 bits of entropy available)
[    6.187924] random: udevadm: uninitialized urandom read (16 bytes read, 3 bits of entropy available)
[    6.398237] e1000: Intel(R) PRO/1000 Network Driver - version 7.3.21-k8-NAPI
[    6.591302] e1000: Copyright (c) 1999-2006 Intel Corporation.
[    6.594628] Fusion MPT base driver 3.04.20
[    6.595836] Copyright (c) 1999-2008 LSI Corporation
[    6.601957] Fusion MPT SPI Host driver 3.04.20
[    6.608208] AVX2 version of gcm_enc/dec engaged.
[    6.609408] AES CTR mode by8 optimization enabled
[    6.806636] input: ImExPS/2 Generic Explorer Mouse as /devices/platform/i8042/serio1/input/input4
[    6.934613] e1000 0000:00:03.0 eth0: (PCI:33MHz:32-bit) 02:20:67:8c:d5:af
[    7.017483] e1000 0000:00:03.0 eth0: Intel(R) PRO/1000 Network Connection
[    7.354571] e1000 0000:00:08.0 eth1: (PCI:33MHz:32-bit) 08:00:27:53:a2:39
[    7.687220] e1000 0000:00:08.0 eth1: Intel(R) PRO/1000 Network Connection
[    8.047126] e1000 0000:00:09.0 eth2: (PCI:33MHz:32-bit) 08:00:27:e8:58:09
[    8.078464] e1000 0000:00:09.0 eth2: Intel(R) PRO/1000 Network Connection
[    8.079986] mptbase: ioc0: Initiating bringup
[    8.080393] e1000 0000:00:08.0 enp0s8: renamed from eth1
[    8.096034] e1000 0000:00:09.0 enp0s9: renamed from eth2
[    8.119312] e1000 0000:00:03.0 enp0s3: renamed from eth0
[    8.167088] ioc0: LSI53C1030 A0: Capabilities={Initiator}
[    9.390574] scsi host2: ioc0: LSI53C1030 A0, FwRev=00000000h, Ports=1, MaxQ=256, IRQ=20
[    9.668143] scsi 2:0:0:0: Direct-Access     VBOX     HARDDISK         1.0  PQ: 0 ANSI: 5
[    9.687928] scsi target2:0:0: Beginning Domain Validation
[    9.689781] scsi target2:0:0: Domain Validation skipping write tests
[    9.690692] scsi target2:0:0: Ending Domain Validation
[    9.691563] scsi target2:0:0: asynchronous
[    9.701231] scsi 2:0:1:0: Direct-Access     VBOX     HARDDISK         1.0  PQ: 0 ANSI: 5
[    9.702632] scsi target2:0:1: Beginning Domain Validation
[    9.704406] scsi target2:0:1: Domain Validation skipping write tests
[    9.705317] scsi target2:0:1: Ending Domain Validation
[    9.706144] scsi target2:0:1: asynchronous
[    9.710786] sd 2:0:0:0: Attached scsi generic sg0 type 0
[    9.758788] sd 2:0:0:0: [sda] 20971520 512-byte logical blocks: (10.7 GB/10.0 GiB)
[    9.760210] sd 2:0:0:0: [sda] Write Protect is off
[    9.811155] sd 2:0:1:0: Attached scsi generic sg1 type 0
[    9.828150] sd 2:0:0:0: [sda] Incomplete mode parameter data
[    9.828197] sd 2:0:1:0: [sdb] 20480 512-byte logical blocks: (10.5 MB/10.0 MiB)
[    9.849488] sd 2:0:0:0: [sda] Assuming drive cache: write through
[    9.896757] sd 2:0:1:0: [sdb] Write Protect is off
[   10.017648] sd 2:0:1:0: [sdb] Incomplete mode parameter data
[   10.018501] sd 2:0:1:0: [sdb] Assuming drive cache: write through
[   10.032473]  sda: sda1
[   10.046694] sd 2:0:0:0: [sda] Attached SCSI disk
[   10.061918] sd 2:0:1:0: [sdb] Attached SCSI disk
Begin: Loading e[   11.376161] md: linear personality registered for level -1
ssential drivers ... [   11.448919] md: multipath personality registered for level -4
[   11.455677] md: raid0 personality registered for level 0
[   11.486213] md: raid1 personality registered for level 1
[   11.579283] raid6: sse2x1   gen() 11611 MB/s
[   11.647076] raid6: sse2x1   xor()  8663 MB/s
[   11.727433] raid6: sse2x2   gen() 14701 MB/s
[   11.807278] raid6: sse2x2   xor() 10123 MB/s
[   12.012809] raid6: sse2x4   gen() 16447 MB/s
[   12.079342] raid6: sse2x4   xor() 10720 MB/s
[   12.287291] raid6: avx2x1   gen() 22519 MB/s
[   12.361552] raid6: avx2x2   gen() 27807 MB/s
[   12.507276] raid6: avx2x4   gen() 30264 MB/s
[   12.517479] raid6: using algorithm avx2x4 gen() 30264 MB/s
[   12.518336] raid6: using avx2x2 recovery algorithm
[   12.521407] xor: automatically using best checksumming function:
[   12.559111]    avx       : 25525.000 MB/sec
[   12.596389] async_tx: api initialized (async)
[   12.633728] md: raid6 personality registered for level 6
[   12.679881] md: raid5 personality registered for level 5
[   12.681021] md: raid4 personality registered for level 4
[   12.687999] md: raid10 personality registered for level 10
done.
Begin: Running /scripts/init-premount ... done.
Begin: Mounting root file system ... Begin: Running /scripts/local-top ... done.
Begin: Running /scripts/local-premount ... [   12.982438] Btrfs loaded
Scanning for Btrfs filesystems
done.
Warning: fsck not present, so skipping root file system
[   13.035999] EXT4-fs (sda1): mounted filesystem with ordered data mode. Opts: (null)
done.
Begin: Running /scripts/local-bottom ... done.
Begin: Running /scripts/init-bottom ... done.
[   13.479788] systemd[1]: systemd 229 running in system mode. (+PAM +AUDIT +SELINUX +IMA +APPARMOR +SMACK +SYSVINIT +UTMP +LIBCRYPTSETUP +GCRYPT +GNUTLS +ACL +XZ -LZ4 +SECCOMP +BLKID +ELFUTILS +KMOD -IDN)
[   13.502065] systemd[1]: Detected virtualization oracle.
[   13.503903] systemd[1]: Detected architecture x86-64.

Welcome to [1mUbuntu 16.04.5 LTS[0m!

[   13.565827] systemd[1]: Set hostname to <ubuntu>.
[   13.627304] systemd[1]: Initializing machine ID from random generator.
[   13.778516] systemd[1]: Installed transient /etc/machine-id file.
[   14.031919] random: nonblocking pool is initialized
[   14.306060] systemd[1]: Started Forward Password Requests to Wall Directory Watch.
[[0;32m  OK  [0m] Started Forward Password Requests to Wall Directory Watch.
[   14.347425] systemd[1]: Reached target Encrypted Volumes.
[[0;32m  OK  [0m] Reached target Encrypted Volumes.
[   14.648265] systemd[1]: Listening on /dev/initctl Compatibility Named Pipe.
[[0;32m  OK  [0m] Listening on /dev/initctl Compatibility Named Pipe.
[   14.675493] systemd[1]: Started Trigger resolvconf update for networkd DNS.
[[0;32m  OK  [0m] Started Trigger resolvconf update for networkd DNS.
[   14.695543] systemd[1]: Created slice User and Session Slice.
[[0;32m  OK  [0m] Created slice User and Session Slice.
[   14.706629] systemd[1]: Reached target User and Group Name Lookups.
[[0;32m  OK  [0m] Reached target User and Group Name Lookups.
[   14.708594] systemd[1]: Created slice System Slice.
[[0;32m  OK  [0m] Created slice System Slice.
[   14.710106] systemd[1]: Reached target Slices.
[[0;32m  OK  [0m] Reached target Slices.
[   14.730512] systemd[1]: Listening on Syslog Socket.
[[0;32m  OK  [0m] Listening on Syslog Socket.
[   14.776961] systemd[1]: Listening on Journal Socket (/dev/log).
[[0;32m  OK  [0m] Listening on Journal Socket (/dev/log).
[   14.778642] systemd[1]: Listening on Device-mapper event daemon FIFOs.
[[0;32m  OK  [0m] Listening on Device-mapper event daemon FIFOs.
[   14.781521] systemd[1]: Listening on udev Control Socket.
[[0;32m  OK  [0m] Listening on udev Control Socket.
[   14.784059] systemd[1]: Reached target Swap.
[[0;32m  OK  [0m] Reached target Swap.
[   14.809830] systemd[1]: Reached target System Time Synchronized.
[[0;32m  OK  [0m] Reached target System Time Synchronized.
[   14.856449] systemd[1]: Listening on LVM2 metadata daemon socket.
[[0;32m  OK  [0m] Listening on LVM2 metadata daemon socket.
[   14.948688] systemd[1]: Created slice system-serial\x2dgetty.slice.
[[0;32m  OK  [0m] Created slice system-serial\x2dgetty.slice.
[   14.950476] systemd[1]: Listening on udev Kernel Socket.
[[0;32m  OK  [0m] Listening on udev Kernel Socket.
[   14.952283] systemd[1]: Set up automount Arbitrary Executable File Formats File System Automount Point.
[[0;32m  OK  [0m] Set up automount Arbitrary Executab...ats File System Automount Point.
[   14.954658] systemd[1]: Listening on LVM2 poll daemon socket.
[[0;32m  OK  [0m] Listening on LVM2 poll daemon socket.
[   15.015549] systemd[1]: Liseening nn Journal Socket.
[[0;32m  OK  [0m] Listening on Journal Socket.
[   15.483228] systemd[1]: Mounting Huge Pages File System...
         Mounting Huge Pages File System...
[   15.523250] systemd[1]: Starting Nameserver information manager...
         Starting Nameserver information manager...
[   15.542163] systemd[1]: Starting Uncomplicated firewall...
         Starting Uncomplicated firewall...
[   15.557659] systemd[1]: Starting Remount Root and Kernel File Systems...
         Starting Remount Root and Kernel File Systems...
[   15.563353] systemd[1]: Mounting Debug File System...
[   15.569133] EXT4-fs (sda1): re-mounted. Opts: (null)
         Mounting Debug File System...
[   15.892872] systemd[1]: Starting Monitoring of LVM2 mirrors, snapshots etc. using dmeventd or progress polling...
         Starting Monitoring of LVM2 mirrors... dmeventd or progress polling...
[   15.975266] systemd[1]: Starting Load Kernel Modules...
         Starting Load Kernel Modules...
[   15.982076] systemd[1]: Starting Set console keymap...
         Starting Set console keymap...
[   15.991907] systemd[1]: Listening on Journal Audit Socket.
[[0;32m  OK  [0m] Listening on Journal Audit Socket.
[   15.999458] systemd[1]: Starting Journal Service...
         Starting Journal Service...
[   16.022626] systemd[1]: Starting Create list of required static device nodes for the current kernel...
[   16.035328] Loading iSCSI transport class v2.0-870.
         Starting Create list of required st... nodes for the current kernel...
[   16.064053] systemd[1]: Mounting POSIX Message Queue File System...
         Mounting POSIX Message Queue File System...
[   16.167406] systemd[1]: Mounted Huge Pages File System.
[[0;32m  OK  [[   16.211175] iscsi: registered transport (tcp)
0m] Mounted Huge Pages File System.
[   16.226717] systemd[1]: Mounted POSIX Message Queue File System.
[[0;32m  OK  [0m] Mounted POSIX Message Queue File System.
[   16.257876] systemd[1]: Mounted Debug File System.
[[0;32m  OK  [0m] Mounted Debug File System.
[   16.275779] systemd[1]: Started Uncomplicated firewall.
[[0;32m  OK  [0m] Started Uncomplicated firewall.
[   16.299705] systemd[1]: Started Remount Root and Kernel File Systems.
[[0;32m  OK  [0m] Started Remount Root and Kernel File Systems.
[   16.315071] systemd[1]: Started Set console keymap.
[[0;32m  OK  [0m] Started Set console keymap.
[   16.335591] systemd[1]: Started Create list of required static device nodes for the current kernel.
[[0;32m  OK  [0m] Started Create list of required sta...ce nodes for the curre[   16.346415] iscsi: registered transport (iser)
nt kernel.
[   16.364815] systemd[1]: Started Load Kernel Modules.
[[0;32m  OK  [0m] Started Load Kernel Modules.
[   16.383267] systemd[1]: Started Nameserver information manager.
[[0;32m  OK  [0m] Started Nameserver information manager.
[   16.431299] systemd[1]: Started Journal Service.
[[0;32m  OK  [0m] Started Journal Service.
[[0;32m  OK  [0m] Started LVM2 metadata daemon.
         Mounting FUSE Control File System...
         Starting Apply Kernel Variables...
         Starting Create Static Device Nodes in /dev...
         Starting udev Coldplug all Devices...
         Starting Load/Save Random Seed...
         Starting Flush Journal to Persistent Storage...
[[0;32m  OK  [0m] Mounted FUSE Control File System.
[[0;32m  OK  [0m] Started Load/Save Random Seed.
[[0;32m  OK  [0m] Started udev Coldplug all Devices.
[   16.607203] systemd-journald[388]: Received request to flush runtime journal from PID 1
[[0;32m  OK  [0m] Started Flush Journal to Persistent Storage.
[[0;32m  OK  [0m] Started Apply Kernel Variables.
[[0;32m  OK  [0m] Started Create Static Device Nodes in /dev.
         Starting udev Kernel Device Manager...
[[0;32m  OK  [0m] Started udev Kernel Device Manager.
[[0;32m  OK  [0m] Started Dispatch Password Requests to Console Directory Watch.
[[0;32m  OK  [0m] Started Monitoring of LVM2 mirrors,...ng dmeventd or progress polling.
[[0;32m  OK  [0m] Found device /dev/ttyS0.
[[0;32m  OK  [0m] Reached target Local File Systems (Pre).
[[0;32m  OK  [0m] Reached target Local File Systems.
         Starting LSB: AppArmor initialization...
         Starting Tell Plymouth To Write Out Runtime Data...
         Starting Initial cloud-init job (pre-networking)...
         Starting Commit a transient machine-id on disk...
         Starting Create Volatile Files and Directories...
         Starting Set console font and keymap...
[[0;32m  OK  [0m] Started Tell Plymouth To Write Out Runtime Data.
[[0;32m  OK  [0m] Started Commit a transient machine-id on disk.
[[0;32m  OK  [0m] Started Create Volatile Files and Directories.
[[0;32m  OK  [0m] Listening on Load/Save RF Kill Switch Status /dev/rfkill Watch.
         Starting Update UTMP about System Boot/Shutdown...
[[0;32m  OK  [0m] Started Update UTMP about System Boot/Shutdown.
[[0;32m  OK  [0m] Started Set console font and keymap.
[[0;32m  OK  [0m] Created slice system-getty.slice.
[[0;32m  OK  [0m] Started LSB: AppArmor initialization.
[   18.369864] cloud-init[589]: Cloud-init v. 18.3-9-g2e62cb8a-0ubuntu1~16.04.2 running 'init-local' at Thu, 13 Dec 2018 13:36:31 +0000. Up 17.91 seconds.
[[0;32m  OK  [0m] Started Initial cloud-init job (pre-networking).
[[0;32m  OK  [0m] Reached target Network (Pre).
         Starting Raise network interfaces...
[[0;32m  OK  [0m] Started Raise network interfaces.
         Starting Initial cloud-init job (metadata service crawler)...
[[0;32m  OK  [0m] Reached target Network.
[   20.694560] cloud-init[949]: Cloud-init v. 18.3-9-g2e62cb8a-0ubuntu1~16.04.2 running 'init' at Thu, 13 Dec 2018 13:36:32 +0000. Up 19.05 seconds.
[   20.703733] cloud-init[949]: ci-info: ++++++++++++++++++++++++++++++++++++++Net device info+++++++++++++++++++++++++++++++++++++++
[   20.706774] cloud-init[949]: ci-info: +--------+-------+----------------------------+---------------+--------+-------------------+
[   20.712103] cloud-init[949]: ci-info: | Device |   Up  |          Address           |      Mask     | Scope  |     Hw-Address    |
[   20.713473] cloud-init[949]: ci-info: +--------+-------+----------------------------+---------------+--------+-------------------+
[   20.714780] cloud-init[949]: ci-info: | enp0s3 |  True |         10.0.2.15          | 255.255.255.0 | global | 02:20:67:8c:d5:af |
[   20.716108] cloud-init[949]: ci-info: | enp0s3 |  True | fe80::20:67ff:fe8c:d5af/64 |       .       |  link  | 02:20:67:8c:d5:af |
[   20.717453] cloud-init[949]: ci-info: | enp0s8 | False |             .              |       .       |   .    | 08:00:27:53:a2:39 |
[   20.749609] cloud-init[949]: ci-info: | enp0s9 | False |             .              |       .       |   .    | 08:00:27:e8:58:09 |
[   20.749773] cloud-init[949]: ci-info: |   lo   |  True |         127.0.0.1          |   255.0.0.0   |  host  |         .         |
[   20.749892] cloud-init[949]: ci-info: |   lo   |  True |          ::1/128           |       .       |  host  |         .         |
[   20.749994] cloud-init[949]: ci-info: +--------+-------+----------------------------+---------------+--------+-------------------+
[   20.750106] cloud-init[949]: ci-info: +++++++++++++++++++++++++++Route IPv4 info++++++++++++++++++++++++++++
[   20.750206] cloud-init[949]: ci-info: +-------+-------------+----------+---------------+-----------+-------+
[   20.750311] cloud-init[949]: ci-info: | Route | Destination | Gateway  |    Genmask    | Interface | Flags |
[   20.750415] cloud-init[949]: ci-info: +-------+-------------+----------+---------------+-----------+-------+
[   20.750530] cloud-init[949]: ci-info: |   0   |   0.0.0.0   | 10.0.2.2 |    0.0.0.0    |   enp0s3  |   UG  |
[   20.750635] cloud-init[949]: ci-info: |   1   |   10.0.2.0  | 0.0.0.0  | 255.255.255.0 |   enp0s3  |   U   |
[   20.750738] cloud-init[949]: ci-info: +-------+-------------+----------+---------------+-----------+-------+
[   20.750843] cloud-init[949]: ci-info: +++++++++++++++++++Route IPv6 info+++++++++++++++++++
[   20.750948] cloud-init[949]: ci-info: +-------+-------------+---------+-----------+-------+
[   20.751051] cloud-init[949]: ci-info: | Route | Destination | Gateway | Interface | Flags |
[   20.751169] cloud-init[949]: ci-info: +-------+-------------+---------+-----------+-------+
[   20.751264] cloud-init[949]: ci-info: |   0   |  fe80::/64  |    ::   |   enp0s3  |   U   |
[   20.751366] cloud-init[949]: ci-info: |   3   |   ff00::/8  |    ::   |   enp0s3  |   U   |
[   20.751470] cloud-init[949]: ci-info: +-------+-------------+---------+-----------+-------+
[   20.751575] cloud-init[949]: Generating public/private rsa key pair.
[   20.751681] cloud-init[949]: Your identification has been saved in /etc/ssh/ssh_host_rsa_key.
[   20.751785] cloud-init[949]: Your public key has been saved in /etc/ssh/ssh_host_rsa_key.pub.
[[0;32m  OK  [0m] Started Initial cloud-init job (metadata service crawler).
[   20.752006] cloud-init[949]: The key fingerprint is:
[   20.794045] cloud-init[949]: SHA256:aA96kfD8K8RCJX6InjUHEi2Iy5/j9bpXW9o0OVk4stQ root@ubuntu-xenial
[   20.795099] cloud-init[949]: The key's randomart image is:
[[   20.795851] cloud-init[949]: +---[RSA 2048]----+
[0;32m  OK  [0m] Reached target System Initialization.
[   20.796171] cloud-init[949]: |...o             |
[   20.820075] cloud-init[949]: |o o + .          |
[   20.820266] cloud-init[949]: |.. =.=    . .    |
         Starting LXD - unix socket.
[[   20.820489] cloud-init[949]: |... *+oo o E .   |
[   20.826036] cloud-init[949]: | ..+.=O S o =    |
[0;32m  OK  [0m] Listening on ACPID Listen Socket.
[[   20.826103] cloud-init[949]: |  o+.+o= o B     |
[   20.833814] cloud-init[949]: |  . +oo + * o    |
[   20.833891] cloud-init[949]: |   . ..o + .     |
[   20.834000] cloud-init[949]: |     o+..        |
[   20.834098] cloud-init[949]: +----[SHA256]-----+
[   20.834203] cloud-init[949]: Generating public/private dsa key pair.
[   20.834310] cloud-init[949]: Your identification has been saved in /etc/ssh/ssh_host_dsa_key.
[   20.834414] cloud-init[949]: Your public key has been saved in /etc/ssh/ssh_host_dsa_key.pub.
[   20.834538] cloud-init[949]: The key fingerprint is:
[   20.834639] cloud-init[949]: SHA256:Yo0fLMD0WTU95VQKKTit7Vsfc/pPyGurpRbXGPGmdlM root@ubuntu-xenial
[   20.834775] cloud-init[949]: The key's randomart image is:
[   20.834963] cloud-init[949]: +---[DSA 1024]----+
[   20.835106] cloud-init[949]: |    .   .+o..oo..|
[0;32m  OK  [0m] Started Daily Cleanup of Temporary Directories.
[   20.835183] cloud-init[949]: |   o . oo o.++.. |
[   20.936366] cloud-init[949]: |    o o  + . .oo |
[   20.936760] cloud-init[949]: |     . +. .   . E|
[[0;32m  OK  [0m] Started ACPI Events Check.
[[   20.937158] cloud-init[949]: |      = S.     *.|
[   20.953644] cloud-init[949]: |     . + .. o.Bo+|
[   20.953782] cloud-init[949]: |        .  o =+*o|
[   20.954226] cloud-init[949]: |          . .o+o |
[   20.954389] cloud-init[949]: |           .oooo+|
[   20.954599] cloud-init[949]: +----[SHA256]-----+
[   20.954788] cloud-init[949]: Generating public/private ecdsa key pair.
[   20.954982] cloud-init[949]: Your identification has been saved in /etc/ssh/ssh_host_ecdsa_key.
[0;32m  OK  [0m] Reached target Paths.
[   20.955161] cloud-init[949]: Your public key has been saved in /etc/ssh/ssh_host_ecdsa_key.pub.
[   21.093481] cloud-init[949]: The key fingerprint is:
[   21.093674] cloud-init[949]: SHA256:Cvkf/wDbxRZyIoMLa40DI7PhFuL5Pn+V9IHoYmBgET4 root@ubuntu-xenial
[[0;32m  OK  [0m] Started Daily apt download activities.
[[   21.093775] cloud-init[949]: The key's randomart image is:
[   21.113511] cloud-init[949]: +---[ECDSA 256]---+
[   21.113584] cloud-init[949]: | oo              |
[   21.113686] cloud-init[949]: |.o     .         |
[0;32m  OK  [0m] Started Daily apt upgrade and clean activities.
[[   21.113798] cloud-init[949]: |*E+ . . + + o    |
[   21.131826] cloud-init[949]: |+=+= * o = * .   |
[   21.131889] cloud-init[949]: |.=. O + S o =    |
[   21.131991] cloud-init[949]: |. .. * o * +     |
[   21.132211] cloud-init[949]: |   .. + + o      |
[   21.132314] cloud-init[949]: |  ..   o o .     |
[   21.132419] cloud-init[949]: |   .o.. . ...    |
[   21.132524] cloud-init[949]: +----[SHA256]-----+
[   21.132629] cloud-init[949]: Generating public/private ed25519 key pair.
[   21.132792] cloud-init[949]: Your identification has been saved in /etc/ssh/ssh_host_ed25519_key.
[0;32m  OK  [0m] Reached target Timers.
[[   21.132821] cloud-init[949]: Your public key has been saved in /etc/ssh/ssh_host_ed25519_key.pub.
[   21.141923] cloud-init[949]: The key fingerprint is:
[0;32m  OK  [0m] Listening on UUID daemon activation socket.
         [   21.142150] cloud-init[949]: SHA256:Z7udpV+QvNfI37TdjphcJw3QDiLuW+ZKEEBxR62e08U root@ubuntu-xenial
[   21.149569] cloud-init[949]: The key's randomart image is:
Starting Socket activation for snappy daemon.
[[   21.149757] cloud-init[949]: +--[ED25519 256]--+
[   21.182138] cloud-init[949]: |   .+...o.       |
[   21.182202] cloud-init[949]: |     o .  .  .   |
[   21.182305] cloud-init[949]: |      . ....o .  |
[   21.182539] cloud-init[949]: |       o.. .E= . |
[   21.182633] cloud-init[949]: |      ..Soo.  *  |
[   21.182739] cloud-init[949]: |       o+o.. . *.|
[   21.182857] cloud-init[949]: |        o.+   B B|
[   21.182971] cloud-init[949]: |       . = + B O=|
[   21.183070] cloud-init[949]: |        o.o B.oo*|
[   21.183175] cloud-init[949]: +----[SHA256]-----+
[0;32m  OK  [0m] Listening on D-Bus System Message Bus Socket.
[[0;32m  OK  [0m] Reached target Network is Online.
         Starting iSCSI initiator daemon (iscsid)...
[[0;32m  OK  [0m] Reached target Cloud-config availability.
[[0;32m  OK  [0m] Listening on LXD - unix socket.
[[0;32m  OK  [0m] Listening on Socket activation for snappy daemon.
[[0;32m  OK  [0m] Reached target Sockets.
[[0;32m  OK  [0m] Reached target Basic System.
         Starting LSB: Record successful boot for GRUB...
         Starting Virtualbox guest utils...
         Starting System Logging Service...
[[0;32m  OK  [0m] Started ACPI event daemon.
[[0;32m  OK  [0m] Started FUSE filesystem for LXC.
[[0;32m  OK  [0m] Started Deferred execution scheduler.
         Starting LSB: MD monitoring daemon...
[[0;32m  OK  [0m] Started Unattended Upgrades Shutdown.
         Starting Snappy daemon...
         Starting /etc/rc.local Compatibility...
[[0;32m  OK  [0m] Started D-Bus System Message Bus.
         Starting Pollinate to seed the pseudo random number generator...
[[0;32m  OK  [0m] Started Regular background program processing daemon.
         Starting Accounts Service...
         Starting Login Service...
         Starting LXD - container startup/shutdown...
[[0;32m  OK  [0m] Started System Logging Service.
[[0;32m  OK  [0m] Started /etc/rc.local Compatibility.
[[0;32m  OK  [0m] Started Login Service.
[[0;32m  OK  [0m] Started LSB: Record successful boot for GRUB.
[[0;32m  OK  [0m] Started iSCSI initiator daemon (iscsid).
         Starting Login to default iSCSI targets...
[[0;32m  OK  [0m] Started LSB: MD monitoring daemon.
[[0;32m  OK  [0m] Started Login to default iSCSI targets.
[[0;32m  OK  [0m] Reached target Remote File Systems (Pre).
[[0;32m  OK  [0m] Reached target Remote File Systems.
         Starting LSB: Set the CPU Frequency Scaling governor to "ondemand"...
         Starting LSB: automatic crash report generation...
         Starting Permit User Sessions...
         Starting LSB: daemon to balance interrupts for SMP systems...
[[0;32m  OK  [0m] Started LSB: Set the CPU Frequency Scaling governor to "ondemand".
[[0;32m  OK  [0m] Started Permit User Sessions.
         Starting Terminate Plymouth Boot Screen...
         Starting Hold until boot process finishes up...
[[0;32m  OK  [0m] Started LSB: automatic crash report generation.
[[0;32m  OK  [0m] Started Terminate Plymouth Boot Screen.
[[0;32m  OK  [0m] Started Hold until boot process finishes up.
         Starting Set console scheme...
[[0;32m  OK  [0m] Started Getty on tty1.
[[0;32m  OK  [0m] Started Serial Getty on ttyS0.
[[0;32m  OK  [0m] Reached target Login Prompts.
[[0;32m  OK  [0m] Started LSB: daemon to balance interrupts for SMP systems.
[[0;32m  OK  [0m] Started Virtualbox guest utils.
[[0;32m  OK  [0m] Started Set console scheme.
         Starting Authenticate and Authorize Users to Run Privileged Tasks...
[[0;32m  OK  [0m] Started Authenticate and Authorize Users to Run Privileged Tasks.
[[0;32m  OK  [0m] Started Accounts Service.
[[0;32m  OK  [0m] Started Snappy daemon.
         Starting Wait until snapd is fully seeded...
[[0;32m  OK  [0m] Started LXD - container startup/shutdown.
[[0;32m  OK  [0m] Started Pollinate to seed the pseudo random number generator.
         Starting OpenBSD Secure Shell server...
[[0;32m  OK  [0m] Started OpenBSD Secure Shell server.
[[0;32m  OK  [0m] Created slice User Slice of vagrant.
         Starting User Manager for UID 1000...
[[0;32m  OK  [0m] Started Session 1 of user vagrant.
[[0;32m  OK  [0m] Started User Manager for UID 1000.

Ubuntu 16.04.5 LTS ubuntu-xenial ttyS0

ubuntu-xenial login: [   32.822057] cloud-init[1537]: Generating locales (this might take a while)...
[   33.485668] cloud-init[1537]:   en_US.UTF-8... done
[   33.486355] cloud-init[1537]: Generation complete.
[   34.355706] cloud-init[1537]: Cloud-init v. 18.3-9-g2e62cb8a-0ubuntu1~16.04.2 running 'modules:config' at Thu, 13 Dec 2018 13:36:46 +0000. Up 32.66 seconds.
ci-info: no authorized ssh keys fingerprints found for user ubuntu.
<14>Dec 13 13:36:48 ec2: 
<14>Dec 13 13:36:48 ec2: #############################################################
<14>Dec 13 13:36:48 ec2: -----BEGIN SSH HOST KEY FINGERPRINTS-----
<14>Dec 13 13:36:48 ec2: 1024 SHA256:Yo0fLMD0WTU95VQKKTit7Vsfc/pPyGurpRbXGPGmdlM root@ubuntu-xenial (DSA)
<14>Dec 13 13:36:48 ec2: 256 SHA256:Cvkf/wDbxRZyIoMLa40DI7PhFuL5Pn+V9IHoYmBgET4 root@ubuntu-xenial (ECDSA)
<14>Dec 13 13:36:48 ec2: 256 SHA256:Z7udpV+QvNfI37TdjphcJw3QDiLuW+ZKEEBxR62e08U root@ubuntu-xenial (ED25519)
<14>Dec 13 13:36:48 ec2: 2048 SHA256:aA96kfD8K8RCJX6InjUHEi2Iy5/j9bpXW9o0OVk4stQ root@ubuntu-xenial (RSA)
<14>Dec 13 13:36:48 ec2: -----END SSH HOST KEY FINGERPRINTS-----
<14>Dec 13 13:36:48 ec2: #############################################################
-----BEGIN SSH HOST KEY KEYS-----
ecdsa-sha2-nistp256 AAAAE2VjZHNhLXNoYTItbmlzdHAyNTYAAAAIbmlzdHAyNTYAAABBBCLLSrE8d9UPECp1TXubX851RyKfy7zk77fAweEELH2fxSxIPnCLCh7uBzcKSACW3wBtrfSdWeQKZKdhP/4gofo= root@ubuntu-xenial
ssh-ed25519 AAAAC3NzaC1lZDI1NTE5AAAAIHyjkE0u8LITgfUnJh8oI4cZxgvRkZ4u6c8ikfmW6IMb root@ubuntu-xenial
ssh-rsa AAAAB3NzaC1yc2EAAAADAQABAAABAQD32ttMQGiSqqXqWvG7hgqAZm7ZFVxNS0ViNJ/AtBdNUrZPMrT2vpX5dvNrfLhhaM7qjEyKlRBcvyoJVc/c2Wz2uoaoO4tTKWoQJqrMS2xawCl9wkXwiULUqMH1y9oCGArFTCYnSNAd3mC2AjSbNNCKzuVjG6Qsh+Qk1YE77+7EKobyD0pxApRlJeoDUYNq9pYmnLf8AN2fCol0RdaYjspovSKK4HyQaV3oixTt7If8QDEtAxTSxTr1b/+RvubcQF00uGIUs6ZFdvXIFpBee8pBEnMofkPcwrT65iwpDjn1KSKUDsWsaRGkd/DLVeCAvn0LX04SbLdk84zCeq+M/oQT root@ubuntu-xenial
-----END SSH HOST KEY KEYS-----
[   34.725053] cloud-init[1651]: Cloud-init v. 18.3-9-g2e62cb8a-0ubuntu1~16.04.2 running 'modules:final' at Thu, 13 Dec 2018 13:36:48 +0000. Up 34.58 seconds.
[   34.725215] cloud-init[1651]: ci-info: no authorized ssh keys fingerprints found for user ubuntu.
[   34.725316] cloud-init[1651]: Cloud-init v. 18.3-9-g2e62cb8a-0u         Stopping Authenticate and Authorize Users to Run Privileged Tasks...
         Stopping ACPI event daemon...
         Stopping Session 4 of user vagrant.
[[0;32m  OK  [0m] Closed Load/Save RF Kill Switch Status /dev/rfkill Watch.
[[0;32m  OK  [0m] Stopped target Graphical Interface.
         Stopping Accounts S[[0;32m  OK  [0m] Stopped Accounts Service.
[[0;32m  OK  [0m] Stopped System Logging Service.
[[0;32m  OK  [0m] Stopped Regular background program processing daemon.
[[0;32m  OK  [0m] Stopped Deferred execution scheduler.
[[0;32m  OK  [0m] Stopped ACPI event daemon.
[[0;32m  OK  [0m] Stopped Authenticate and Authorize Users to Run Privileged Tasks.
[[0;32m  OK  [0m] Stopped Serial Getty on ttyS0.
[[0;32m  OK  [0m] Stopped Getty on tty1.
[[0;32m  OK  [0m] Stopped OpenBSD Secure Shell server.
[[0;32m  OK  [0m] Stopped Session 2 of user vagrant.
[[0;32m  OK  [0m] Stopped User Manager for UID 1000.
[[0;32m  OK  [0m] Stopped Session 3 of user vagrant.
[[0;32m  OK  [0m] Stopped Session 4 of user vagrant.
[[0;32m  OK  [0m] Stopped D-Bus System Message Bus.
[[0;32m  OK  [0m] Stopped FUSE filesystem for LXC.
[[0;32m  OK  [0m] Unmounted /var/lib/lxcfs.
[[0;32m  OK  [0m] Stopped Snappy daemon.
[[0;32m  OK  [0m] Stopped LXD - container startup/shutdown.
[[0;32m  OK  [0m] Stopped Unattended Upgrades Shutdown.
[[0;32m  OK  [0m] Removed slice User Slice of vagrant.
         Stopping Login Service...
[[0;32m  OK  [0m] Removed slice system-getty.slice.
[[0;32m  OK  [0m] Removed slice system-serial\x2dgetty.slice.
         Stopping Permit User Sessions...
[[0;32m  OK  [0m] Stopped /etc/rc.local Compatibility.
[[0;32m  OK  [0m] Stopped Permit User Sessions.
[[0;32m  OK  [0m] Stopped LSB: Record successful boot for GRUB.
[[0;32m  OK  [0m] Stopped LSB: Set the CPU Frequency Scaling governor to "ondemand".
[[0;32m  OK  [0m] Stopped LSB: daemon to balance interrupts for SMP systems.
[[0;32m  OK  [0m] Stopped LSB: MD monitoring daemon.
[[0;32m  OK  [0m] Stopped Login Service.
[[0;32m  OK  [0m] Stopped LSB: automatic crash report generation.
[[0;32m  OK  [0m] Stopped Virtualbox guest utils.
[[0;32m  OK  [0m] Stopped target User and Group Name Lookups.
[[0;32m  OK  [0m] Stopped target Basic System.
[[0;32m  OK  [0m] Stopped target Sockets.
[[0;32m  OK  [0m] Closed UUID daemon activation socket.
[[0;32m  OK  [0m] Closed LXD - unix socket.
[[0;32m  OK  [0m] Closed D-Bus System Message Bus Socket.
[[0;32m  OK  [0m] Closed Syslog Socket.
[[0;32m  OK  [0m] Closed ACPID Listen Socket.
[[0;32m  OK  [0m] Closed Socket activation for snappy daemon.
[[0;32m  OK  [0m] Stopped target Slices.
[[0;32m  OK  [0m] Removed slice User and Session Slice.
[[0;32m  OK  [0m] Stopped target Paths.
[[0;32m  OK  [0m] Stopped ACPI Events Check.
[[0;32m  OK  [0m] Stopped target System Initialization.
         Stopping Load/Save Random Seed...
         Stopping Update UTMP about System Boot/Shutdown...
[[0;32m  OK  [0m] Stopped Commit a transient machine-id on disk.
[[0;32m  OK  [0m] Stopped target Encrypted Volumes.
[[0;32m  OK  [0m] Stopped target Swap.
[[0;32m  OK  [0m] Stopped Dispatch Password Requests to Console Directory Watch.
[[0;32m  OK  [0m] Stopped Forward Password Requests to Wall Directory Watch.
[[0;32m  OK  [0m] Stopped target Remote File Systems.
[[0;32m  OK  [0m] Stopped target Remote File Systems (Pre).
         Stopping Login to default iSCSI targets...
[[0;32m  OK  [0m] Stopped Load/Save Random Seed.
[[0;32m  OK  [0m] Stopped Update UTMP about System Boot/Shutdown.
[[0;32m  OK  [0m] Stopped Create Volatile Files and Directories.
[[0;32m  OK  [0m] Stopped Login to default iSCSI targets.
         Stopping iSCSI initiator daemon (iscsid)...
[[0;32m  OK  [0m] Stopped iSCSI initiator daemon (iscsid).
[[0;32m  OK  [0m] Stopped target Network is Online.
[[0;32m  OK  [0m] Stopped Initial cloud-init job (metadata service crawler).
[[0;32m  OK  [0m] Stopped target Network.
         Stopping Raise network interfaces...
[[0;32m  OK  [0m] Stopped Raise network interfaces.
[[0;32m  OK  [0m] Stopped Apply Kernel Variables.
[[0;32m  OK  [0m] Stopped Load Kernel Modules.
[[0;32m  OK  [0m] Stopped target Network (Pre).
[[0;32m  OK  [0m] Stopped Initial cloud-init job (pre-networking).
[[0;32m  OK  [0m] Stopped target Local File Systems.
         Unmounting /vagrant...
         Unmounting /run/user/1000...
[[0;32m  OK  [0m] Unmounted /vagrant.
[[0;32m  OK  [0m] Unmounted /run/user/1000.
[[0;32m  OK  [0m] Reached target Unmount All Filesystems.
[[0;32m  OK  [0m] Stopped target Local File Systems (Pre).
         Stopping Monitoring of LVM2 mirrors... dmeventd or progress polling...
[[0;32m  OK  [0m] Stopped Create Static Device Nodes in /dev.
[[0;32m  OK  [0m] Stopped Remount Root and Kernel File Systems.
[[0;32m  OK  [0m] Reached target Shutdown.
[ 07.936722] reboot: Power down
nmount All Filesystems.
[[0;32m  OK  [0m] Stopped target Local File Systems (Pre).
[[0;32m  OK  [0m] Stopped Create Static Device Nodes in /dev.
[[0;32m  OK  [0m] Stopped Remount Root and Kernel File Systems.
[[0;32m  OK  [0m] Reached target Shutdown.
[ 133.978 roo Perdown

tatic Device Nodes in /dev.
[[0;32m  OK  [0m] Reached target Shutdown.
[ 6353304] reboot: Power dow